INFO:     Will watch for changes in these directories: ['C:\\Users\\HP\\trinity-reborn\\backend']
INFO:     Uvicorn running on http://127.0.0.1:8000 (Press CTRL+C to quit)
INFO:     Started reloader process [32956] using WatchFiles
INFO:     Started server process [25400]
INFO:     Waiting for application startup.
INFO:     Application startup complete.
WARNING:  WatchFiles detected changes in 'app\schemas\discovery.py'. Reloading...
INFO:     Shutting down
INFO:     Waiting for application shutdown.
INFO:     Application shutdown complete.
INFO:     Finished server process [25400]
WARNING:  WatchFiles detected changes in 'app\main.py', 'app\services\discovery\service.py', 'app\api\discovery.py', 'tests\test_discovery.py', 'app\services\discovery\__init__.py'. Reloading...
Process SpawnProcess-2:
Traceback (most recent call last):
  File "C:\Users\HP\AppData\Local\Programs\Python\Python312\Lib\multiprocessing\process.py", line 314, in _bootstrap
    self.run()
  File "C:\Users\HP\AppData\Local\Programs\Python\Python312\Lib\multiprocessing\process.py", line 108, in run
    self._target(*self._args, **self._kwargs)
  File "C:\Users\HP\trinity-reborn\backend\.venv\Lib\site-packages\uvicorn\_subprocess.py", line 80, in subprocess_started
    target(sockets=sockets)
  File "C:\Users\HP\trinity-reborn\backend\.venv\Lib\site-packages\uvicorn\server.py", line 74, in run
    return asyncio_run(self.serve(sockets=sockets), loop_factory=self.config.get_loop_factory())
           ^^^^^^^^^^^^^^^^^^^^^^^^^^^^^^^^^^^^^^^^^^^^^^^^^^^^^^^^^^^^^^^^^^^^^^^^^^^^^^^^^^^^^
  File "C:\Users\HP\AppData\Local\Programs\Python\Python312\Lib\asyncio\runners.py", line 195, in run
    return runner.run(main)
           ^^^^^^^^^^^^^^^^
  File "C:\Users\HP\AppData\Local\Programs\Python\Python312\Lib\asyncio\runners.py", line 118, in run
    return self._loop.run_until_complete(task)
           ^^^^^^^^^^^^^^^^^^^^^^^^^^^^^^^^^^^
  File "C:\Users\HP\AppData\Local\Programs\Python\Python312\Lib\asyncio\base_events.py", line 691, in run_until_complete
    return future.result()
           ^^^^^^^^^^^^^^^
  File "C:\Users\HP\trinity-reborn\backend\.venv\Lib\site-packages\uvicorn\server.py", line 78, in serve
    await self._serve(sockets)
  File "C:\Users\HP\trinity-reborn\backend\.venv\Lib\site-packages\uvicorn\server.py", line 85, in _serve
    config.load()
  File "C:\Users\HP\trinity-reborn\backend\.venv\Lib\site-packages\uvicorn\config.py", line 493, in load
    self.loaded_app = self.load_app()
                      ^^^^^^^^^^^^^^^
  File "C:\Users\HP\trinity-reborn\backend\.venv\Lib\site-packages\uvicorn\config.py", line 427, in load_app
    return import_from_string(self.app)
           ^^^^^^^^^^^^^^^^^^^^^^^^^^^^
  File "C:\Users\HP\trinity-reborn\backend\.venv\Lib\site-packages\uvicorn\importer.py", line 22, in import_from_string
    raise exc from None
  File "C:\Users\HP\trinity-reborn\backend\.venv\Lib\site-packages\uvicorn\importer.py", line 19, in import_from_string
    module = importlib.import_module(module_str)
             ^^^^^^^^^^^^^^^^^^^^^^^^^^^^^^^^^^^
  File "C:\Users\HP\AppData\Local\Programs\Python\Python312\Lib\importlib\__init__.py", line 90, in import_module
    return _bootstrap._gcd_import(name[level:], package, level)
           ^^^^^^^^^^^^^^^^^^^^^^^^^^^^^^^^^^^^^^^^^^^^^^^^^^^^
  File "<frozen importlib._bootstrap>", line 1387, in _gcd_import
  File "<frozen importlib._bootstrap>", line 1360, in _find_and_load
  File "<frozen importlib._bootstrap>", line 1331, in _find_and_load_unlocked
  File "<frozen importlib._bootstrap>", line 935, in _load_unlocked
  File "<frozen importlib._bootstrap_external>", line 999, in exec_module
  File "<frozen importlib._bootstrap>", line 488, in _call_with_frames_removed
  File "C:\Users\HP\trinity-reborn\backend\app\main.py", line 5, in <module>
    from app.api.discovery import router as discovery_router
  File "C:\Users\HP\trinity-reborn\backend\app\api\discovery.py", line 6, in <module>
    from app.services.discovery.service import DiscoveryError, GoogleNewsDiscoveryService
  File "C:\Users\HP\trinity-reborn\backend\app\services\discovery\__init__.py", line 3, in <module>
    from app.services.discovery.service import GoogleNewsDiscoveryService
  File "C:\Users\HP\trinity-reborn\backend\app\services\discovery\service.py", line 9, in <module>
    import feedparser
ModuleNotFoundError: No module named 'feedparser'
Process SpawnProcess-3:
Traceback (most recent call last):
  File "C:\Users\HP\AppData\Local\Programs\Python\Python312\Lib\multiprocessing\process.py", line 314, in _bootstrap
    self.run()
  File "C:\Users\HP\AppData\Local\Programs\Python\Python312\Lib\multiprocessing\process.py", line 108, in run
    self._target(*self._args, **self._kwargs)
  File "C:\Users\HP\trinity-reborn\backend\.venv\Lib\site-packages\uvicorn\_subprocess.py", line 80, in subprocess_started
    target(sockets=sockets)
  File "C:\Users\HP\trinity-reborn\backend\.venv\Lib\site-packages\uvicorn\server.py", line 74, in run
    return asyncio_run(self.serve(sockets=sockets), loop_factory=self.config.get_loop_factory())
           ^^^^^^^^^^^^^^^^^^^^^^^^^^^^^^^^^^^^^^^^^^^^^^^^^^^^^^^^^^^^^^^^^^^^^^^^^^^^^^^^^^^^^
  File "C:\Users\HP\AppData\Local\Programs\Python\Python312\Lib\asyncio\runners.py", line 195, in run
    return runner.run(main)
           ^^^^^^^^^^^^^^^^
  File "C:\Users\HP\AppData\Local\Programs\Python\Python312\Lib\asyncio\runners.py", line 118, in run
    return self._loop.run_until_complete(task)
           ^^^^^^^^^^^^^^^^^^^^^^^^^^^^^^^^^^^
  File "C:\Users\HP\AppData\Local\Programs\Python\Python312\Lib\asyncio\base_events.py", line 691, in run_until_complete
    return future.result()
           ^^^^^^^^^^^^^^^
  File "C:\Users\HP\trinity-reborn\backend\.venv\Lib\site-packages\uvicorn\server.py", line 78, in serve
    await self._serve(sockets)
  File "C:\Users\HP\trinity-reborn\backend\.venv\Lib\site-packages\uvicorn\server.py", line 85, in _serve
    config.load()
  File "C:\Users\HP\trinity-reborn\backend\.venv\Lib\site-packages\uvicorn\config.py", line 493, in load
    self.loaded_app = self.load_app()
                      ^^^^^^^^^^^^^^^
  File "C:\Users\HP\trinity-reborn\backend\.venv\Lib\site-packages\uvicorn\config.py", line 427, in load_app
    return import_from_string(self.app)
           ^^^^^^^^^^^^^^^^^^^^^^^^^^^^
  File "C:\Users\HP\trinity-reborn\backend\.venv\Lib\site-packages\uvicorn\importer.py", line 22, in import_from_string
    raise exc from None
  File "C:\Users\HP\trinity-reborn\backend\.venv\Lib\site-packages\uvicorn\importer.py", line 19, in import_from_string
    module = importlib.import_module(module_str)
             ^^^^^^^^^^^^^^^^^^^^^^^^^^^^^^^^^^^
  File "C:\Users\HP\AppData\Local\Programs\Python\Python312\Lib\importlib\__init__.py", line 90, in import_module
    return _bootstrap._gcd_import(name[level:], package, level)
           ^^^^^^^^^^^^^^^^^^^^^^^^^^^^^^^^^^^^^^^^^^^^^^^^^^^^
  File "<frozen importlib._bootstrap>", line 1387, in _gcd_import
  File "<frozen importlib._bootstrap>", line 1360, in _find_and_load
  File "<frozen importlib._bootstrap>", line 1331, in _find_and_load_unlocked
  File "<frozen importlib._bootstrap>", line 935, in _load_unlocked
  File "<frozen importlib._bootstrap_external>", line 999, in exec_module
  File "<frozen importlib._bootstrap>", line 488, in _call_with_frames_removed
  File "C:\Users\HP\trinity-reborn\backend\app\main.py", line 5, in <module>
    from app.api.discovery import router as discovery_router
  File "C:\Users\HP\trinity-reborn\backend\app\api\discovery.py", line 6, in <module>
    from app.services.discovery.service import DiscoveryError, GoogleNewsDiscoveryService
  File "C:\Users\HP\trinity-reborn\backend\app\services\discovery\__init__.py", line 3, in <module>
    from app.services.discovery.service import GoogleNewsDiscoveryService
  File "C:\Users\HP\trinity-reborn\backend\app\services\discovery\service.py", line 9, in <module>
    import feedparser
ModuleNotFoundError: No module named 'feedparser'
WARNING:  WatchFiles detected changes in '.venv\Lib\site-packages\feedparser\namespaces\cc.py', '.venv\Lib\site-packages\feedparser\namespaces\itunes.py', '.venv\Lib\site-packages\feedparser\namespaces\mediarss.py', '.venv\Lib\site-packages\feedparser\exceptions.py', '.venv\Lib\site-packages\feedparser\namespaces\__init__.py', '.venv\Lib\site-packages\feedparser\datetimes\perforce.py', '.venv\Lib\site-packages\feedparser\sgml.py', '.venv\Lib\site-packages\feedparser\http.py', '.venv\Lib\site-packages\feedparser\api.py', '.venv\Lib\site-packages\sgmllib.py', '.venv\Lib\site-packages\feedparser\parsers\__init__.py', '.venv\Lib\site-packages\feedparser\mixin.py', '.venv\Lib\site-packages\feedparser\datetimes\iso8601.py', '.venv\Lib\site-packages\feedparser\namespaces\dc.py', '.venv\Lib\site-packages\feedparser\__init__.py', '.venv\Lib\site-packages\feedparser\datetimes\hungarian.py', '.venv\Lib\site-packages\feedparser\datetimes\greek.py', '.venv\Lib\site-packages\feedparser\parsers\strict.py', '.venv\Lib\site-packages\feedparser\datetimes\asctime.py', '.venv\Lib\site-packages\feedparser\namespaces\psc.py', '.venv\Lib\site-packages\feedparser\datetimes\korean.py', '.venv\Lib\site-packages\feedparser\util.py', '.venv\Lib\site-packages\feedparser\namespaces\georss.py', '.venv\Lib\site-packages\feedparser\html.py', '.venv\Lib\site-packages\feedparser\urls.py', '.venv\Lib\site-packages\feedparser\datetimes\__init__.py', '.venv\Lib\site-packages\feedparser\datetimes\rfc822.py', '.venv\Lib\site-packages\feedparser\parsers\loose.py', '.venv\Lib\site-packages\feedparser\datetimes\w3dtf.py', '.venv\Lib\site-packages\feedparser\encodings.py', '.venv\Lib\site-packages\feedparser\namespaces\_base.py', '.venv\Lib\site-packages\feedparser\namespaces\admin.py', '.venv\Lib\site-packages\feedparser\sanitizer.py'. Reloading...
INFO:     Started server process [12776]
INFO:     Waiting for application startup.
INFO:     Application startup complete.
WARNING:  WatchFiles detected changes in 'tests\test_discovery.py'. Reloading...
INFO:     Shutting down
INFO:     Waiting for connections to close. (CTRL+C to force quit)
INFO:     Waiting for application shutdown.
INFO:     Application shutdown complete.
INFO:     Finished server process [12776]
WARNING:  WatchFiles detected changes in '.venv\Lib\site-packages\httpx2\_transports\base.py', '.venv\Lib\site-packages\httpx2\_models.py', '.venv\Lib\site-packages\httpcore2\_sync\http11.py', '.venv\Lib\site-packages\truststore\_macos.py', '.venv\Lib\site-packages\httpx2\_multipart.py', '.venv\Lib\site-packages\httpcore2\_async\interfaces.py', '.venv\Lib\site-packages\httpx2\_urlparse.py', '.venv\Lib\site-packages\httpx2\_utils.py', '.venv\Lib\site-packages\httpx2\websockets\__init__.py', '.venv\Lib\site-packages\httpcore2\_synchronization.py', '.venv\Lib\site-packages\httpx2\__version__.py', '.venv\Lib\site-packages\httpx2\websockets\_api.py', '.venv\Lib\site-packages\httpx2\_transports\asgi.py', '.venv\Lib\site-packages\httpx2\_transports\default.py', '.venv\Lib\site-packages\httpx2\_transports\mock.py', '.venv\Lib\site-packages\httpcore2\_backends\mock.py', '.venv\Lib\site-packages\httpcore2\_backends\auto.py', '.venv\Lib\site-packages\httpcore2\_backends\anyio.py', '.venv\Lib\site-packages\httpcore2\_exceptions.py', '.venv\Lib\site-packages\httpcore2\_models.py', '.venv\Lib\site-packages\httpx2\_sse.py', '.venv\Lib\site-packages\httpcore2\_utils.py', '.venv\Lib\site-packages\httpx2\_decoders.py', '.venv\Lib\site-packages\httpx2\_transports\wsgi.py', '.venv\Lib\site-packages\httpcore2\_sync\connection.py', '.venv\Lib\site-packages\truststore\_api.py', '.venv\Lib\site-packages\httpcore2\_backends\sync.py', '.venv\Lib\site-packages\httpcore2\_async\connection.py', '.venv\Lib\site-packages\httpx2\_api.py', '.venv\Lib\site-packages\httpcore2\_async\http11.py', '.venv\Lib\site-packages\httpcore2\_async\connection_pool.py', '.venv\Lib\site-packages\httpcore2\_async\http_proxy.py', '.venv\Lib\site-packages\httpx2\_transports\__init__.py', '.venv\Lib\site-packages\httpx2\websockets\_ping.py', '.venv\Lib\site-packages\httpx2\websockets\_transport.py', '.venv\Lib\site-packages\truststore\_openssl.py', '.venv\Lib\site-packages\httpcore2\_ssl.py', '.venv\Lib\site-packages\httpx2\_client.py', '.venv\Lib\site-packages\truststore\_windows.py', '.venv\Lib\site-packages\truststore\__init__.py', '.venv\Lib\site-packages\httpx2\_content.py', '.venv\Lib\site-packages\httpcore2\_trace.py', '.venv\Lib\site-packages\httpx2\_alias.py', '.venv\Lib\site-packages\httpx2\_urls.py', '.venv\Lib\site-packages\httpcore2\_sync\connection_pool.py', '.venv\Lib\site-packages\truststore\_ssl_constants.py', '.venv\Lib\site-packages\httpx2\websockets\_exceptions.py', '.venv\Lib\site-packages\httpx2\_status_codes.py', '.venv\Lib\site-packages\httpcore2\_backends\trio.py', '.venv\Lib\site-packages\httpcore2\_backends\base.py', '.venv\Lib\site-packages\httpcore2\_sync\http2.py', '.venv\Lib\site-packages\httpx2\_types.py', '.venv\Lib\site-packages\httpcore2\_api.py', '.venv\Lib\site-packages\httpx2\_config.py', '.venv\Lib\site-packages\httpcore2\_sync\__init__.py', '.venv\Lib\site-packages\httpcore2\_async\http2.py', '.venv\Lib\site-packages\httpx2\_auth.py', '.venv\Lib\site-packages\httpcore2\_sync\http_proxy.py', '.venv\Lib\site-packages\httpcore2\_async\socks_proxy.py', '.venv\Lib\site-packages\httpx2\__init__.py', '.venv\Lib\site-packages\httpx2\_exceptions.py', '.venv\Lib\site-packages\httpcore2\_sync\socks_proxy.py', '.venv\Lib\site-packages\httpcore2\_sync\interfaces.py', '.venv\Lib\site-packages\httpcore2\_backends\__init__.py', '.venv\Lib\site-packages\httpcore2\__init__.py', '.venv\Lib\site-packages\httpx2\_main.py', '.venv\Lib\site-packages\httpcore2\_async\__init__.py'. Reloading...
INFO:     Started server process [22972]
INFO:     Waiting for application startup.
INFO:     Application startup complete.
INFO:     Shutting down
INFO:     Waiting for application shutdown.
INFO:     Application shutdown complete.
INFO:     Finished server process [22972]
INFO:     Started server process [29224]
INFO:     Waiting for application startup.
INFO:     Application startup complete.
WARNING:  WatchFiles detected changes in '.venv\Lib\site-packages\sqlalchemy\testing\assertsql.py', '.venv\Lib\site-packages\alembic\__main__.py', '.venv\Lib\site-packages\sqlalchemy\testing\schema.py', '.venv\Lib\site-packages\sqlalchemy\orm\session.py', '.venv\Lib\site-packages\alembic\testing\suite\test_environment.py', '.venv\Lib\site-packages\alembic\environment.py', '.venv\Lib\site-packages\sqlalchemy\sql\expression.py', '.venv\Lib\site-packages\mako\__init__.py', '.venv\Lib\site-packages\sqlalchemy\dialects\postgresql\operators.py', '.venv\Lib\site-packages\sqlalchemy\ext\instrumentation.py', '.venv\Lib\site-packages\sqlalchemy\dialects\postgresql\dml.py', '.venv\Lib\site-packages\sqlalchemy\dialects\postgresql\pg8000.py', '.venv\Lib\site-packages\sqlalchemy\sql\ddl.py', '.venv\Lib\site-packages\mako\testing\config.py', '.venv\Lib\site-packages\sqlalchemy\orm\properties.py', '.venv\Lib\site-packages\alembic\testing\requirements.py', '.venv\Lib\site-packages\greenlet\tests\test_extension_interface.py', '.venv\Lib\site-packages\greenlet\tests\test_generator.py', '.venv\Lib\site-packages\sqlalchemy\engine\base.py', '.venv\Lib\site-packages\sqlalchemy\sql\operators.py', '.venv\Lib\site-packages\greenlet\tests\test_cpp.py', '.venv\Lib\site-packages\mako\ext\beaker_cache.py', '.venv\Lib\site-packages\sqlalchemy\testing\suite\test_deprecations.py', '.venv\Lib\site-packages\sqlalchemy\ext\mypy\decl_class.py', '.venv\Lib\site-packages\alembic\operations\__init__.py', '.venv\Lib\site-packages\sqlalchemy\ext\mypy\plugin.py', '.venv\Lib\site-packages\sqlalchemy\ext\asyncio\__init__.py', '.venv\Lib\site-packages\sqlalchemy\dialects\postgresql\ext.py', '.venv\Lib\site-packages\alembic\__init__.py', '.venv\Lib\site-packages\mako\ext\babelplugin.py', '.venv\Lib\site-packages\alembic\autogenerate\compare\server_defaults.py', '.venv\Lib\site-packages\sqlalchemy\engine\events.py', '.venv\Lib\site-packages\sqlalchemy\dialects\mysql\asyncmy.py', '.venv\Lib\site-packages\sqlalchemy\orm\unitofwork.py', '.venv\Lib\site-packages\greenlet\tests\test_tracing.py', '.venv\Lib\site-packages\mako\exceptions.py', '.venv\Lib\site-packages\sqlalchemy\sql\util.py', '.venv\Lib\site-packages\sqlalchemy\testing\provision.py', '.venv\Lib\site-packages\asyncpg\utils.py', '.venv\Lib\site-packages\greenlet\tests\test_throw.py', '.venv\Lib\site-packages\sqlalchemy\testing\profiling.py', '.venv\Lib\site-packages\alembic\templates\pyproject\env.py', '.venv\Lib\site-packages\asyncpg\compat.py', '.venv\Lib\site-packages\sqlalchemy\pool\__init__.py', '.venv\Lib\site-packages\sqlalchemy\sql\elements.py', '.venv\Lib\site-packages\mako\ast.py', '.venv\Lib\site-packages\sqlalchemy\engine\characteristics.py', '.venv\Lib\site-packages\sqlalchemy\dialects\sqlite\provision.py', '.venv\Lib\site-packages\mako\testing\helpers.py', '.venv\Lib\site-packages\sqlalchemy\engine\reflection.py', '.venv\Lib\site-packages\sqlalchemy\testing\suite\test_types.py', '.venv\Lib\site-packages\asyncpg\types.py', '.venv\Lib\site-packages\sqlalchemy\util\_collections.py', '.venv\Lib\site-packages\alembic\autogenerate\compare\types.py', '.venv\Lib\site-packages\alembic\script\write_hooks.py', '.venv\Lib\site-packages\sqlalchemy\dialects\mysql\reflection.py', '.venv\Lib\site-packages\sqlalchemy\sql\lambdas.py', '.venv\Lib\site-packages\sqlalchemy\testing\exclusions.py', '.venv\Lib\site-packages\greenlet\tests\fail_switch_critical_section.py', '.venv\Lib\site-packages\sqlalchemy\engine\interfaces.py', '.venv\Lib\site-packages\alembic\autogenerate\compare\schema.py', '.venv\Lib\site-packages\sqlalchemy\sql\_py_util.py', '.venv\Lib\site-packages\sqlalchemy\ext\declarative\__init__.py', '.venv\Lib\site-packages\alembic\testing\assertions.py', '.venv\Lib\site-packages\sqlalchemy\testing\suite\test_unicode_ddl.py', '.venv\Lib\site-packages\sqlalchemy\testing\fixtures\mypy.py', '.venv\Lib\site-packages\sqlalchemy\dialects\postgresql\_psycopg_common.py', '.venv\Lib\site-packages\sqlalchemy\testing\suite\test_sequence.py', '.venv\Lib\site-packages\asyncpg\pgproto\__init__.py', '.venv\Lib\site-packages\mako\testing\exclusions.py', '.venv\Lib\site-packages\sqlalchemy\orm\dynamic.py', '.venv\Lib\site-packages\alembic\operations\toimpl.py', '.venv\Lib\site-packages\sqlalchemy\dialects\postgresql\psycopg.py', '.venv\Lib\site-packages\sqlalchemy\testing\suite\test_cte.py', '.venv\Lib\site-packages\sqlalchemy\engine\cursor.py', '.venv\Lib\site-packages\alembic\testing\__init__.py', '.venv\Lib\site-packages\sqlalchemy\testing\suite\test_dialect.py', '.venv\Lib\site-packages\greenlet\tests\test_weakref.py', '.venv\Lib\site-packages\sqlalchemy\ext\mypy\apply.py', '.venv\Lib\site-packages\alembic\testing\fixtures.py', '.venv\Lib\site-packages\sqlalchemy\orm\state_changes.py', '.venv\Lib\site-packages\sqlalchemy\ext\asyncio\session.py', '.venv\Lib\site-packages\mako\lexer.py', '.venv\Lib\site-packages\sqlalchemy\dialects\__init__.py', '.venv\Lib\site-packages\sqlalchemy\orm\_orm_constructors.py', '.venv\Lib\site-packages\sqlalchemy\dialects\sqlite\base.py', '.venv\Lib\site-packages\sqlalchemy\testing\suite\test_ddl.py', '.venv\Lib\site-packages\sqlalchemy\testing\suite\test_update_delete.py', '.venv\Lib\site-packages\sqlalchemy\event\attr.py', '.venv\Lib\site-packages\sqlalchemy\event\registry.py', '.venv\Lib\site-packages\alembic\testing\suite\test_autogen_fks.py', '.venv\Lib\site-packages\sqlalchemy\engine\util.py', '.venv\Lib\site-packages\sqlalchemy\dialects\sqlite\json.py', '.venv\Lib\site-packages\alembic\ddl\impl.py', '.venv\Lib\site-packages\sqlalchemy\dialects\sqlite\dml.py', '.venv\Lib\site-packages\sqlalchemy\ext\__init__.py', '.venv\Lib\site-packages\sqlalchemy\dialects\mysql\provision.py', '.venv\Lib\site-packages\sqlalchemy\sql\coercions.py', '.venv\Lib\site-packages\markupsafe\__init__.py', '.venv\Lib\site-packages\sqlalchemy\dialects\mysql\__init__.py', '.venv\Lib\site-packages\alembic\autogenerate\compare\__init__.py', '.venv\Lib\site-packages\sqlalchemy\orm\dependency.py', '.venv\Lib\site-packages\alembic\util\sqla_compat.py', '.venv\Lib\site-packages\sqlalchemy\event\base.py', '.venv\Lib\site-packages\greenlet\tests\test_greenlet_trash.py', '.venv\Lib\site-packages\greenlet\tests\fail_slp_switch.py', '.venv\Lib\site-packages\alembic\templates\generic\env.py', '.venv\Lib\site-packages\sqlalchemy\util\_py_collections.py', '.venv\Lib\site-packages\sqlalchemy\sql\crud.py', '.venv\Lib\site-packages\asyncpg\protocol\codecs\__init__.py', '.venv\Lib\site-packages\sqlalchemy\dialects\mssql\aioodbc.py', '.venv\Lib\site-packages\sqlalchemy\orm\__init__.py', '.venv\Lib\site-packages\greenlet\tests\leakcheck.py', '.venv\Lib\site-packages\alembic\util\langhelpers.py', '.venv\Lib\site-packages\greenlet\tests\fail_issue_515_freethread_gc.py', '.venv\Lib\site-packages\sqlalchemy\pool\impl.py', '.venv\Lib\site-packages\sqlalchemy\ext\horizontal_shard.py', '.venv\Lib\site-packages\sqlalchemy\testing\fixtures\orm.py', '.venv\Lib\site-packages\sqlalchemy\orm\exc.py', '.venv\Lib\site-packages\mako\pygen.py', '.venv\Lib\site-packages\sqlalchemy\dialects\mssql\pyodbc.py', '.venv\Lib\site-packages\sqlalchemy\dialects\oracle\vector.py', '.venv\Lib\site-packages\sqlalchemy\testing\fixtures\base.py', '.venv\Lib\site-packages\sqlalchemy\dialects\mysql\base.py', '.venv\Lib\site-packages\sqlalchemy\orm\writeonly.py', '.venv\Lib\site-packages\sqlalchemy\testing\plugin\plugin_base.py', '.venv\Lib\site-packages\sqlalchemy\orm\clsregistry.py', '.venv\Lib\site-packages\sqlalchemy\engine\_py_util.py', '.venv\Lib\site-packages\sqlalchemy\sql\schema.py', '.venv\Lib\site-packages\sqlalchemy\dialects\mysql\mysqldb.py', '.venv\Lib\site-packages\sqlalchemy\dialects\postgresql\asyncpg.py', '.venv\Lib\site-packages\alembic\script\revision.py', '.venv\Lib\site-packages\sqlalchemy\ext\mypy\infer.py', '.venv\Lib\site-packages\sqlalchemy\orm\decl_base.py', '.venv\Lib\site-packages\sqlalchemy\connectors\aioodbc.py', '.venv\Lib\site-packages\sqlalchemy\engine\default.py', '.venv\Lib\site-packages\sqlalchemy\cyextension\__init__.py', '.venv\Lib\site-packages\sqlalchemy\engine\create.py', '.venv\Lib\site-packages\sqlalchemy\sql\annotation.py', '.venv\Lib\site-packages\sqlalchemy\dialects\mysql\cymysql.py', '.venv\Lib\site-packages\alembic\runtime\environment.py', '.venv\Lib\site-packages\sqlalchemy\dialects\postgresql\provision.py', '.venv\Lib\site-packages\greenlet\tests\test_greenlet.py', '.venv\Lib\site-packages\sqlalchemy\ext\mypy\__init__.py', '.venv\Lib\site-packages\sqlalchemy\dialects\postgresql\ranges.py', '.venv\Lib\site-packages\greenlet\tests\fail_clearing_run_switches.py', '.venv\Lib\site-packages\mako\cache.py', '.venv\Lib\site-packages\sqlalchemy\dialects\mysql\json.py', '.venv\Lib\site-packages\sqlalchemy\ext\asyncio\result.py', '.venv\Lib\site-packages\sqlalchemy\dialects\mssql\__init__.py', '.venv\Lib\site-packages\sqlalchemy\dialects\mysql\reserved_words.py', '.venv\Lib\site-packages\sqlalchemy\dialects\postgresql\types.py', '.venv\Lib\site-packages\greenlet\tests\fail_switch_three_greenlets.py', '.venv\Lib\site-packages\sqlalchemy\dialects\postgresql\base.py', '.venv\Lib\site-packages\sqlalchemy\dialects\mysql\enumerated.py', '.venv\Lib\site-packages\sqlalchemy\testing\pickleable.py', '.venv\Lib\site-packages\sqlalchemy\dialects\mysql\mysqlconnector.py', '.venv\Lib\site-packages\sqlalchemy\orm\mapper.py', '.venv\Lib\site-packages\sqlalchemy\ext\mypy\util.py', '.venv\Lib\site-packages\sqlalchemy\testing\suite\test_rowcount.py', '.venv\Lib\site-packages\sqlalchemy\sql\naming.py', '.venv\Lib\site-packages\asyncpg\_testbase\__init__.py', '.venv\Lib\site-packages\sqlalchemy\engine\_py_processors.py', '.venv\Lib\site-packages\sqlalchemy\dialects\postgresql\psycopg2cffi.py', '.venv\Lib\site-packages\sqlalchemy\sql\cache_key.py', '.venv\Lib\site-packages\greenlet\tests\test_version.py', '.venv\Lib\site-packages\greenlet\tests\test_gc.py', '.venv\Lib\site-packages\alembic\testing\util.py', '.venv\Lib\site-packages\sqlalchemy\engine\result.py', '.venv\Lib\site-packages\sqlalchemy\testing\suite\test_results.py', '.venv\Lib\site-packages\sqlalchemy\dialects\mysql\aiomysql.py', '.venv\Lib\site-packages\alembic\runtime\__init__.py', '.venv\Lib\site-packages\alembic\testing\suite\__init__.py', '.venv\Lib\site-packages\sqlalchemy\dialects\mysql\types.py', '.venv\Lib\site-packages\sqlalchemy\sql\sqltypes.py', '.venv\Lib\site-packages\alembic\operations\base.py', '.venv\Lib\site-packages\sqlalchemy\util\_concurrency_py3k.py', '.venv\Lib\site-packages\sqlalchemy\dialects\sqlite\pysqlite.py', '.venv\Lib\site-packages\sqlalchemy\future\__init__.py', '.venv\Lib\site-packages\sqlalchemy\engine\url.py', '.venv\Lib\site-packages\sqlalchemy\dialects\oracle\base.py', '.venv\Lib\site-packages\mako\codegen.py', '.venv\Lib\site-packages\sqlalchemy\ext\baked.py', '.venv\Lib\site-packages\sqlalchemy\dialects\postgresql\hstore.py', '.venv\Lib\site-packages\sqlalchemy\pool\events.py', '.venv\Lib\site-packages\sqlalchemy\__init__.py', '.venv\Lib\site-packages\alembic\ddl\_autogen.py', '.venv\Lib\site-packages\asyncpg\__init__.py', '.venv\Lib\site-packages\sqlalchemy\dialects\mysql\mariadbconnector.py', '.venv\Lib\site-packages\sqlalchemy\sql\events.py', '.venv\Lib\site-packages\sqlalchemy\sql\_typing.py', '.venv\Lib\site-packages\sqlalchemy\util\langhelpers.py', '.venv\Lib\site-packages\sqlalchemy\ext\hybrid.py', '.venv\Lib\site-packages\sqlalchemy\ext\declarative\extensions.py', '.venv\Lib\site-packages\alembic\templates\multidb\env.py', '.venv\Lib\site-packages\sqlalchemy\orm\descriptor_props.py', '.venv\Lib\site-packages\alembic\util\editor.py', '.venv\Lib\site-packages\alembic\autogenerate\compare\tables.py', '.venv\Lib\site-packages\asyncpg\exceptions\_base.py', '.venv\Lib\site-packages\alembic\operations\schemaobj.py', '.venv\Lib\site-packages\sqlalchemy\orm\util.py', '.venv\Lib\site-packages\asyncpg\_asyncio_compat.py', '.venv\Lib\site-packages\alembic\operations\ops.py', '.venv\Lib\site-packages\mako\template.py', '.venv\Lib\site-packages\mako\ext\preprocessors.py', '.venv\Lib\site-packages\sqlalchemy\orm\bulk_persistence.py', '.venv\Lib\site-packages\alembic\script\__init__.py', '.venv\Lib\site-packages\sqlalchemy\ext\serializer.py', '.venv\Lib\site-packages\sqlalchemy\engine\row.py', '.venv\Lib\site-packages\asyncpg\pool.py', '.venv\Lib\site-packages\sqlalchemy\dialects\postgresql\named_types.py', '.venv\Lib\site-packages\asyncpg\introspection.py', '.venv\Lib\site-packages\alembic\autogenerate\compare\comments.py', '.venv\Lib\site-packages\mako\ext\pygmentplugin.py', '.venv\Lib\site-packages\sqlalchemy\testing\plugin\bootstrap.py', '.venv\Lib\site-packages\asyncpg\cluster.py', '.venv\Lib\site-packages\sqlalchemy\dialects\oracle\__init__.py', '.venv\Lib\site-packages\mako\parsetree.py', '.venv\Lib\site-packages\sqlalchemy\ext\mutable.py', '.venv\Lib\site-packages\sqlalchemy\ext\compiler.py', '.venv\Lib\site-packages\sqlalchemy\dialects\mysql\dml.py', '.venv\Lib\site-packages\mako\ext\autohandler.py', '.venv\Lib\site-packages\greenlet\__init__.py', '.venv\Lib\site-packages\mako\_ast_util.py', '.venv\Lib\site-packages\sqlalchemy\orm\persistence.py', '.venv\Lib\site-packages\sqlalchemy\dialects\postgresql\json.py', '.venv\Lib\site-packages\asyncpg\protocol\__init__.py', '.venv\Lib\site-packages\sqlalchemy\exc.py', '.venv\Lib\site-packages\alembic\ddl\mysql.py', '.venv\Lib\site-packages\mako\testing\fixtures.py', '.venv\Lib\site-packages\sqlalchemy\orm\path_registry.py', '.venv\Lib\site-packages\sqlalchemy\orm\collections.py', '.venv\Lib\site-packages\sqlalchemy\orm\strategy_options.py', '.venv\Lib\site-packages\sqlalchemy\orm\loading.py', '.venv\Lib\site-packages\sqlalchemy\dialects\sqlite\pysqlcipher.py', '.venv\Lib\site-packages\sqlalchemy\event\api.py', '.venv\Lib\site-packages\sqlalchemy\util\compat.py', '.venv\Lib\site-packages\sqlalchemy\sql\dml.py', '.venv\Lib\site-packages\greenlet\tests\test_leaks.py', '.venv\Lib\site-packages\alembic\util\pyfiles.py', '.venv\Lib\site-packages\sqlalchemy\ext\mypy\names.py', '.venv\Lib\site-packages\alembic\script\base.py', '.venv\Lib\site-packages\asyncpg\connresource.py', '.venv\Lib\site-packages\sqlalchemy\util\typing.py', '.venv\Lib\site-packages\sqlalchemy\dialects\mssql\json.py', '.venv\Lib\site-packages\sqlalchemy\testing\plugin\pytestplugin.py', '.venv\Lib\site-packages\sqlalchemy\ext\associationproxy.py', '.venv\Lib\site-packages\sqlalchemy\testing\__init__.py', '.venv\Lib\site-packages\greenlet\tests\test_interpreter_shutdown.py', '.venv\Lib\site-packages\sqlalchemy\ext\asyncio\exc.py', '.venv\Lib\site-packages\sqlalchemy\testing\requirements.py', '.venv\Lib\site-packages\sqlalchemy\inspection.py', '.venv\Lib\site-packages\sqlalchemy\orm\instrumentation.py', '.venv\Lib\site-packages\sqlalchemy\util\tool_support.py', '.venv\Lib\site-packages\asyncpg\serverversion.py', '.venv\Lib\site-packages\sqlalchemy\testing\assertions.py', '.venv\Lib\site-packages\alembic\testing\suite\test_autogen_computed.py', '.venv\Lib\site-packages\sqlalchemy\ext\asyncio\engine.py', '.venv\Lib\site-packages\mako\cmd.py', '.venv\Lib\site-packages\sqlalchemy\ext\asyncio\base.py', '.venv\Lib\site-packages\alembic\autogenerate\render.py', '.venv\Lib\site-packages\sqlalchemy\orm\mapped_collection.py', '.venv\Lib\site-packages\sqlalchemy\ext\automap.py', '.venv\Lib\site-packages\sqlalchemy\util\concurrency.py', '.venv\Lib\site-packages\alembic\testing\suite\test_autogen_diffs.py', '.venv\Lib\site-packages\sqlalchemy\events.py', '.venv\Lib\site-packages\sqlalchemy\orm\interfaces.py', '.venv\Lib\site-packages\sqlalchemy\event\__init__.py', '.venv\Lib\site-packages\sqlalchemy\testing\entities.py', '.venv\Lib\site-packages\sqlalchemy\dialects\mysql\mariadb.py', '.venv\Lib\site-packages\alembic\operations\batch.py', '.venv\Lib\site-packages\mako\compat.py', '.venv\Lib\site-packages\alembic\testing\env.py', '.venv\Lib\site-packages\alembic\util\compat.py', '.venv\Lib\site-packages\asyncpg\transaction.py', '.venv\Lib\site-packages\asyncpg\_version.py', '.venv\Lib\site-packages\sqlalchemy\future\engine.py', '.venv\Lib\site-packages\sqlalchemy\dialects\mssql\information_schema.py', '.venv\Lib\site-packages\alembic\testing\warnings.py', '.venv\Lib\site-packages\greenlet\tests\test_generator_nested.py', '.venv\Lib\site-packages\sqlalchemy\testing\suite\test_insert.py', '.venv\Lib\site-packages\mako\ext\extract.py', '.venv\Lib\site-packages\sqlalchemy\dialects\sqlite\__init__.py', '.venv\Lib\site-packages\sqlalchemy\dialects\postgresql\__init__.py', '.venv\Lib\site-packages\sqlalchemy\orm\identity.py', '.venv\Lib\site-packages\sqlalchemy\util\deprecations.py', '.venv\Lib\site-packages\alembic\util\messaging.py', '.venv\Lib\site-packages\alembic\ddl\base.py', '.venv\Lib\site-packages\sqlalchemy\orm\events.py', '.venv\Lib\site-packages\sqlalchemy\orm\context.py', '.venv\Lib\site-packages\mako\runtime.py', '.venv\Lib\site-packages\sqlalchemy\connectors\__init__.py', '.venv\Lib\site-packages\alembic\context.py', '.venv\Lib\site-packages\sqlalchemy\connectors\asyncio.py', '.venv\Lib\site-packages\alembic\ddl\postgresql.py', '.venv\Lib\site-packages\asyncpg\connection.py', '.venv\Lib\site-packages\sqlalchemy\sql\_elements_constructors.py', '.venv\Lib\site-packages\sqlalchemy\pool\base.py', '.venv\Lib\site-packages\sqlalchemy\testing\engines.py', '.venv\Lib\site-packages\alembic\autogenerate\__init__.py', '.venv\Lib\site-packages\sqlalchemy\orm\attributes.py', '.venv\Lib\site-packages\sqlalchemy\sql\__init__.py', '.venv\Lib\site-packages\sqlalchemy\orm\sync.py', '.venv\Lib\site-packages\sqlalchemy\testing\warnings.py', '.venv\Lib\site-packages\sqlalchemy\orm\base.py', '.venv\Lib\site-packages\sqlalchemy\dialects\oracle\types.py', '.venv\Lib\site-packages\sqlalchemy\orm\_typing.py', '.venv\Lib\site-packages\alembic\testing\suite\test_op.py', '.venv\Lib\site-packages\alembic\ddl\oracle.py', '.venv\Lib\site-packages\sqlalchemy\dialects\mssql\base.py', '.venv\Lib\site-packages\greenlet\platform\__init__.py', '.venv\Lib\site-packages\alembic\op.py', '.venv\Lib\site-packages\sqlalchemy\dialects\mssql\pymssql.py', '.venv\Lib\site-packages\sqlalchemy\dialects\oracle\dictionary.py', '.venv\Lib\site-packages\sqlalchemy\dialects\oracle\cx_oracle.py', '.venv\Lib\site-packages\sqlalchemy\util\queue.py', '.venv\Lib\site-packages\markupsafe\_native.py', '.venv\Lib\site-packages\asyncpg\connect_utils.py', '.venv\Lib\site-packages\sqlalchemy\util\_has_cy.py', '.venv\Lib\site-packages\alembic\templates\pyproject_async\env.py', '.venv\Lib\site-packages\sqlalchemy\dialects\postgresql\psycopg2.py', '.venv\Lib\site-packages\sqlalchemy\engine\strategies.py', '.venv\Lib\site-packages\sqlalchemy\dialects\mysql\pyodbc.py', '.venv\Lib\site-packages\greenlet\tests\fail_cpp_exception.py', '.venv\Lib\site-packages\sqlalchemy\util\topological.py', '.venv\Lib\site-packages\alembic\autogenerate\compare\util.py', '.venv\Lib\site-packages\sqlalchemy\dialects\oracle\provision.py', '.venv\Lib\site-packages\sqlalchemy\ext\orderinglist.py', '.venv\Lib\site-packages\sqlalchemy\sql\_dml_constructors.py', '.venv\Lib\site-packages\alembic\runtime\migration.py', '.venv\Lib\site-packages\sqlalchemy\sql\compiler.py', '.venv\Lib\site-packages\alembic\testing\schemacompare.py', '.venv\Lib\site-packages\greenlet\tests\fail_switch_two_greenlets.py', '.venv\Lib\site-packages\sqlalchemy\orm\evaluator.py', '.venv\Lib\site-packages\alembic\util\__init__.py', '.venv\Lib\site-packages\sqlalchemy\sql\selectable.py', '.venv\Lib\site-packages\sqlalchemy\sql\type_api.py', '.venv\Lib\site-packages\mako\ext\__init__.py', '.venv\Lib\site-packages\sqlalchemy\event\legacy.py', '.venv\Lib\site-packages\alembic\autogenerate\api.py', '.venv\Lib\site-packages\mako\ext\linguaplugin.py', '.venv\Lib\site-packages\sqlalchemy\testing\suite\test_reflection.py', '.venv\Lib\site-packages\mako\filters.py', '.venv\Lib\site-packages\alembic\util\exc.py', '.venv\Lib\site-packages\sqlalchemy\log.py', '.venv\Lib\site-packages\mako\util.py', '.venv\Lib\site-packages\alembic\ddl\__init__.py', '.venv\Lib\site-packages\greenlet\tests\fail_switch_three_greenlets2.py', '.venv\Lib\site-packages\asyncpg\_testbase\fuzzer.py', '.venv\Lib\site-packages\sqlalchemy\dialects\mysql\expression.py', '.venv\Lib\site-packages\alembic\autogenerate\compare\constraints.py', '.venv\Lib\site-packages\sqlalchemy\sql\_orm_types.py', '.venv\Lib\site-packages\greenlet\tests\test_contextvars.py', '.venv\Lib\site-packages\sqlalchemy\engine\_py_row.py', '.venv\Lib\site-packages\sqlalchemy\sql\functions.py', '.venv\Lib\site-packages\sqlalchemy\schema.py', '.venv\Lib\site-packages\greenlet\tests\fail_initialstub_already_started.py', '.venv\Lib\site-packages\sqlalchemy\testing\util.py', '.venv\Lib\site-packages\mako\testing\__init__.py', '.venv\Lib\site-packages\sqlalchemy\dialects\mysql\pymysql.py', '.venv\Lib\site-packages\sqlalchemy\testing\suite\__init__.py', '.venv\Lib\site-packages\sqlalchemy\sql\base.py', '.venv\Lib\site-packages\alembic\runtime\plugins.py', '.venv\Lib\site-packages\alembic\ddl\mssql.py', '.venv\Lib\site-packages\greenlet\tests\fail_c_stack_refs_suspended_gc.py', '.venv\Lib\site-packages\asyncpg\pgproto\types.py', '.venv\Lib\site-packages\sqlalchemy\dialects\postgresql\pg_catalog.py', '.venv\Lib\site-packages\sqlalchemy\sql\roles.py', '.venv\Lib\site-packages\sqlalchemy\orm\scoping.py', '.venv\Lib\site-packages\mako\testing\_config.py', '.venv\Lib\site-packages\sqlalchemy\orm\query.py', '.venv\Lib\site-packages\sqlalchemy\orm\state.py', '.venv\Lib\site-packages\sqlalchemy\engine\mock.py', '.venv\Lib\site-packages\mako\ext\turbogears.py', '.venv\Lib\site-packages\sqlalchemy\dialects\oracle\oracledb.py', '.venv\Lib\site-packages\sqlalchemy\util\preloaded.py', '.venv\Lib\site-packages\sqlalchemy\orm\strategies.py', '.venv\Lib\site-packages\sqlalchemy\types.py', '.venv\Lib\site-packages\sqlalchemy\engine\__init__.py', '.venv\Lib\site-packages\sqlalchemy\testing\fixtures\__init__.py', '.venv\Lib\site-packages\alembic\testing\suite\test_autogen_comments.py', '.venv\Lib\site-packages\sqlalchemy\dialects\sqlite\aiosqlite.py', '.venv\Lib\site-packages\alembic\ddl\sqlite.py', '.venv\Lib\site-packages\greenlet\tests\__init__.py', '.venv\Lib\site-packages\sqlalchemy\sql\_selectable_constructors.py', '.venv\Lib\site-packages\alembic\testing\plugin\__init__.py', '.venv\Lib\site-packages\sqlalchemy\testing\suite\test_select.py', '.venv\Lib\site-packages\sqlalchemy\testing\plugin\__init__.py', '.venv\Lib\site-packages\alembic\autogenerate\rewriter.py', '.venv\Lib\site-packages\sqlalchemy\testing\config.py', '.venv\Lib\site-packages\sqlalchemy\sql\default_comparator.py', '.venv\Lib\site-packages\sqlalchemy\util\__init__.py', '.venv\Lib\site-packages\alembic\migration.py', '.venv\Lib\site-packages\sqlalchemy\dialects\_typing.py', '.venv\Lib\site-packages\alembic\testing\suite\test_autogen_identity.py', '.venv\Lib\site-packages\sqlalchemy\connectors\pyodbc.py', '.venv\Lib\site-packages\sqlalchemy\dialects\mssql\provision.py', '.venv\Lib\site-packages\sqlalchemy\testing\asyncio.py', '.venv\Lib\site-packages\sqlalchemy\ext\asyncio\scoping.py', '.venv\Lib\site-packages\sqlalchemy\orm\relationships.py', '.venv\Lib\site-packages\sqlalchemy\dialects\postgresql\array.py', '.venv\Lib\site-packages\sqlalchemy\sql\traversals.py', '.venv\Lib\site-packages\mako\pyparser.py', '.venv\Lib\site-packages\alembic\command.py', '.venv\Lib\site-packages\greenlet\tests\test_stack_saved.py', '.venv\Lib\site-packages\sqlalchemy\sql\visitors.py', '.venv\Lib\site-packages\sqlalchemy\testing\fixtures\sql.py', '.venv\Lib\site-packages\mako\testing\assertions.py', '.venv\Lib\site-packages\sqlalchemy\ext\indexable.py', '.venv\Lib\site-packages\sqlalchemy\engine\processors.py', '.venv\Lib\site-packages\mako\lookup.py', '.venv\Lib\site-packages\asyncpg\cursor.py', '.venv\Lib\site-packages\alembic\testing\suite\_autogen_fixtures.py', '.venv\Lib\site-packages\asyncpg\prepared_stmt.py', '.venv\Lib\site-packages\asyncpg\exceptions\__init__.py', '.venv\Lib\site-packages\alembic\templates\async\env.py', '.venv\Lib\site-packages\alembic\config.py', '.venv\Lib\site-packages\alembic\testing\plugin\bootstrap.py', '.venv\Lib\site-packages\sqlalchemy\orm\decl_api.py'. Reloading...
INFO:     Shutting down
INFO:     Waiting for application shutdown.
INFO:     Application shutdown complete.
INFO:     Finished server process [29224]
INFO:     Started server process [18132]
INFO:     Waiting for application startup.
INFO:     Application startup complete.
WARNING:  WatchFiles detected changes in 'app\core\config.py'. Reloading...
INFO:     Shutting down
INFO:     Waiting for application shutdown.
INFO:     Application shutdown complete.
INFO:     Finished server process [18132]
WARNING:  WatchFiles detected changes in 'app\models\base.py', 'app\models\__init__.py', 'app\core\config.py', 'app\core\database.py', 'tests\test_discovery_models.py', 'app\models\discovery.py'. Reloading...
INFO:     Started server process [13972]
INFO:     Waiting for application startup.
INFO:     Application startup complete.
INFO:     Shutting down
INFO:     Waiting for application shutdown.
INFO:     Application shutdown complete.
INFO:     Finished server process [13972]
INFO:     Started server process [22692]
INFO:     Waiting for application startup.
INFO:     Application startup complete.
WARNING:  WatchFiles detected changes in 'app\repositories\__init__.py'. Reloading...
INFO:     Shutting down
INFO:     Waiting for application shutdown.
INFO:     Application shutdown complete.
INFO:     Finished server process [22692]
WARNING:  WatchFiles detected changes in 'alembic\versions\20260725_01_create_discovery_tables.py', 'app\api\dependencies.py', 'alembic\env.py', 'app\api\discovery.py', 'app\repositories\discovery.py', 'app\services\discovery\workflow.py', 'app\services\discovery\__init__.py'. Reloading...
INFO:     Started server process [22736]
INFO:     Waiting for application startup.
INFO:     Application startup complete.
INFO:     Shutting down
INFO:     Waiting for application shutdown.
INFO:     Application shutdown complete.
INFO:     Finished server process [22736]
WARNING:  WatchFiles detected changes in 'tests\test_discovery.py'. Reloading...
INFO:     Started server process [33588]
INFO:     Waiting for application startup.
INFO:     Application startup complete.
INFO:     Shutting down
INFO:     Waiting for application shutdown.
INFO:     Application shutdown complete.
INFO:     Finished server process [33588]
INFO:     Started server process [26664]
INFO:     Waiting for application startup.
INFO:     Application startup complete.
WARNING:  WatchFiles detected changes in 'app\services\discovery\workflow.py'. Reloading...
INFO:     Shutting down
INFO:     Waiting for application shutdown.
INFO:     Application shutdown complete.
INFO:     Finished server process [26664]
WARNING:  WatchFiles detected changes in 'tests\test_discovery.py', 'app\services\discovery\workflow.py', 'alembic\env.py', 'alembic\versions\20260725_01_create_discovery_tables.py'. Reloading...
INFO:     Started server process [3660]
INFO:     Waiting for application startup.
INFO:     Application startup complete.
INFO:     Shutting down
INFO:     Waiting for application shutdown.
INFO:     Application shutdown complete.
INFO:     Finished server process [3660]
INFO:     Started server process [16976]
INFO:     Waiting for application startup.
INFO:     Application startup complete.
WARNING:  WatchFiles detected changes in '.venv\Lib\site-packages\greenlet\tests\leakcheck.py', '.venv\Lib\site-packages\greenlet\tests\fail_issue_515_freethread_gc.py', '.venv\Lib\site-packages\greenlet\__init__.py', '.venv\Lib\site-packages\greenlet\tests\fail_cpp_exception.py', '.venv\Lib\site-packages\greenlet\tests\test_generator.py', '.venv\Lib\site-packages\greenlet\tests\test_extension_interface.py', '.venv\Lib\site-packages\greenlet\tests\test_cpp.py', '.venv\Lib\site-packages\greenlet\tests\fail_switch_two_greenlets.py', '.venv\Lib\site-packages\greenlet\tests\test_tracing.py', '.venv\Lib\site-packages\greenlet\tests\test_leaks.py', '.venv\Lib\site-packages\greenlet\tests\test_throw.py', '.venv\Lib\site-packages\greenlet\tests\fail_switch_three_greenlets2.py', '.venv\Lib\site-packages\greenlet\tests\test_contextvars.py', '.venv\Lib\site-packages\greenlet\tests\test_greenlet.py', '.venv\Lib\site-packages\greenlet\tests\test_interpreter_shutdown.py', '.venv\Lib\site-packages\greenlet\tests\fail_initialstub_already_started.py', '.venv\Lib\site-packages\greenlet\tests\fail_clearing_run_switches.py', '.venv\Lib\site-packages\greenlet\tests\fail_switch_critical_section.py', '.venv\Lib\site-packages\greenlet\tests\fail_switch_three_greenlets.py', '.venv\Lib\site-packages\greenlet\tests\fail_c_stack_refs_suspended_gc.py', '.venv\Lib\site-packages\greenlet\tests\test_version.py', '.venv\Lib\site-packages\greenlet\tests\test_gc.py', '.venv\Lib\site-packages\greenlet\tests\test_generator_nested.py', '.venv\Lib\site-packages\greenlet\tests\test_weakref.py', '.venv\Lib\site-packages\greenlet\tests\__init__.py', '.venv\Lib\site-packages\greenlet\tests\test_stack_saved.py', '.venv\Lib\site-packages\greenlet\tests\test_greenlet_trash.py', '.venv\Lib\site-packages\greenlet\tests\fail_slp_switch.py', '.venv\Lib\site-packages\greenlet\platform\__init__.py'. Reloading...
INFO:     Shutting down
INFO:     Waiting for application shutdown.
INFO:     Application shutdown complete.
INFO:     Finished server process [16976]
INFO:     Started server process [22828]
INFO:     Waiting for application startup.
INFO:     Application startup complete.
